sample_service.c:104:19:BLE_str2uuid	32	static
sample_service.c:134:12:Add_Sample_Service	88	static
sample_service.c:179:6:Make_Connection	72	static
sample_service.c:226:6:startReadTXCharHandle	32	static
sample_service.c:245:6:startReadRXCharHandle	32	static
sample_service.c:266:6:receiveData	24	static
sample_service.c:283:6:sendData	24	static
sample_service.c:300:6:enableNotification	16	static
sample_service.c:320:6:Attribute_Modified_CB	16	static
sample_service.c:341:6:GAP_ConnectionComplete_CB	24	static
sample_service.c:358:6:GAP_DisconnectionComplete_CB	8	static
sample_service.c:379:6:GATT_Notification_CB	16	static
sample_service.c:394:6:user_notify	56	static
